pool 135, already tiled 19, still to try 85

  DROP Face Lift Up Wrinkle Remover Gua Sha Stone For Face Ma no usable packshot in set
  KEEP ROLLER MASSAGER Facial Beauty Tool Gua Sha Scraping Ma #1 plain=1.25 skin=0.00 busy=0.06 seams=118 glyph=22/out=1
  DROP Upgrade Gua Sha Massager                               no usable packshot in set
  KEEP Gua Sha Board Massage Board Set Shaving Board Roller S #1 plain=1.12 skin=0.00 busy=0.16 seams=73 glyph=410/out=0
  KEEP Bianstone Gua Sha Scraping Board Black Red Bianstone G #4 plain=1.25 skin=0.00 busy=0.03 seams=127 glyph=0/out=0
  KEEP Gua Sha Massage Tools & Rosehip Oil In One Set, Nature #1 plain=0.25 skin=0.04 busy=0.11 seams=5 glyph=85/out=0
  DROP Gua Sha massage and scraping stick                     no usable packshot in set
  DROP Massager For Body Plastic Rolling Bar Back Meridian Sc no usable packshot in set
  KEEP Natural buffalo horn Gua Sha scraping board            #3 plain=1.25 skin=0.01 busy=0.05 seams=137 glyph=11/out=0
  KEEP Body Moisturizer                                       #1 plain=1.25 skin=0.00 busy=0.07 seams=189 glyph=21/out=0
  KEEP Jelly Toner Spray                                      #1 plain=1.24 skin=0.00 busy=0.09 seams=86 glyph=154/out=4
  KEEP Gua Sha At The Back Neck And Waist                     #4 plain=0.48 skin=0.00 busy=0.15 seams=0 glyph=25/out=0
  DROP Anti Acne Facial Toner                                 looks like a collage/banner (197 flat lines)
  KEEP Home Use Whole Body Gua Sha Meridian Dredging Stick Ma #3 plain=0.25 skin=0.10 busy=0.04 seams=66 glyph=41/out=0
  KEEP Exfoliating Toner                                      #2 plain=1.19 skin=0.00 busy=0.08 seams=134 glyph=98/out=0
  DROP Exfoliating Oil Controlling Toner                      no usable packshot in set
  KEEP Brightening Acne Toner Moisturizes And Rejuvenates Ski #1 plain=1.25 skin=0.03 busy=0.07 seams=188 glyph=169/out=0
  KEEP Bamboo Fiber Men's Boxer Soft Breathable Toner Boxers  #2 plain=0.93 skin=0.00 busy=0.04 seams=120 glyph=14/out=0
  KEEP Removing And Closing Acne Toner Moisturizes Acne       #4 plain=1.12 skin=0.05 busy=0.25 seams=31 glyph=174/out=0
  DROP Wireless Gua Sha Vacuum Suction Cups Massage Negative  no usable packshot in set
  KEEP Gentle Cleansing Pores Refreshing Oil Control Moisturi #3 plain=1.19 skin=0.00 busy=0.08 seams=124 glyph=144/out=0
  DROP Men's Cologne Body Moisturizer                         no usable packshot in set
  DROP Tallow Moisturizing Moisturizer Nourishing             no usable packshot in set
  KEEP Fashion Heart-shaped Gua Sha Scraping Massage Tool     #3 plain=0.49 skin=0.01 busy=0.13 seams=0 glyph=14/out=0
  KEEP Glycolic Acid Toner Reduces Large Pores Exfoliation    #1 plain=0.25 skin=0.07 busy=0.13 seams=55 glyph=179/out=0
  DROP Body Moisturizer                                       no usable packshot in set
  KEEP Home Use Whole Body Gua Sha Meridian Dredging Stick Ma #6 plain=0.25 skin=0.08 busy=0.07 seams=46 glyph=22/out=0
  DROP Borderless Best-selling Centella Asiatica Cleansing An no usable packshot in set
  DROP Intelligent Gua Sha And Cupping All-in-One Machine     no usable packshot in set
  DROP Pore Shrinking Toner Cotton Tablet                     looks like a collage/banner (191 flat lines)
  DROP Cleanin, Exfoliating And Moisturizing Toner            no usable packshot in set
  DROP Skin Repair Antioxidant Moisturizer Reduces Wrinkles   no usable packshot in set
  KEEP Heart-shaped Crystal Gua Sha Tool For Facial Massage   #2 plain=1.25 skin=0.00 busy=0.05 seams=147 glyph=17/out=0
  DROP Moisturizing Magic Toner                               no usable packshot in set
  KEEP Moisturizer Face Cream                                 #1 plain=1.25 skin=0.00 busy=0.06 seams=154 glyph=32/out=0
  DROP Radiance-Boosting Moisturizer                          no usable packshot in set
  DROP Lifting Smooth Moisturizer                             looks like a collage/banner (191 flat lines)
  DROP Vitamin C Glow Boosting Moisturizer                    no usable packshot in set
  KEEP Protein Neck Care Gua Sha Cream                        #3 plain=1.25 skin=0.08 busy=0.08 seams=86 glyph=118/out=0
  KEEP Brightening Hydrating Moisturizer                      #1 plain=1.25 skin=0.00 busy=0.10 seams=148 glyph=296/out=0
  KEEP Body Moisturizer Gentle Moisturizing                   #2 plain=1.03 skin=0.01 busy=0.09 seams=0 glyph=158/out=0
  DROP Exfoliant Black Rice Ampoule                           no usable packshot in set
  KEEP Face And Body Moisturizer                              #1 plain=1.05 skin=0.04 busy=0.12 seams=148 glyph=183/out=0
  KEEP Tunmate Glycolic Acid Toner                            #1 plain=0.51 skin=0.00 busy=0.09 seams=0 glyph=87/out=0
  DROP Salicylic Acid Acne Removing Spray Toner               no usable packshot in set
  DROP Wiyun Moisturizing Face Cream, Skin Care Moisturizing  no usable packshot in set
  DROP Neck Massage Cream Moisturizer Firming                 no usable packshot in set
  DROP Butter Moisturizer                                     no usable packshot in set
  DROP Make-up Primer Oil Control Moisturizer Brightening And no usable packshot in set
  KEEP Men's Oil Control Moisturizer Facial Cleanser          #3 plain=1.25 skin=0.00 busy=0.08 seams=147 glyph=25/out=0
  DROP Diabetes Skin Moisturizer                              no usable packshot in set
  DROP Radiance-Boosting Moisturizer                          no usable packshot in set
  DROP Bangs Softening Care Cream Improve Hair Frizz Moisturi no usable packshot in set
  KEEP Hoygi Anti-Aging Facial Moisturizer, Hydrating Facial  #3 plain=1.25 skin=0.08 busy=0.06 seams=162 glyph=52/out=2
  KEEP Jelly Gel Moisturizing Gua Sha Face And Neck Cream     #5 plain=1.25 skin=0.00 busy=0.08 seams=89 glyph=136/out=0
  DROP Collagen Gel Toner Cotton Cloth                        no usable packshot in set
  DROP DR 24k Anti-Aging Toner                                no usable packshot in set
  KEEP Pre-makeup Moisturizer                                 #3 plain=0.33 skin=0.07 busy=0.08 seams=45 glyph=72/out=0
  KEEP Hoygi Centella Moisturizer, Gently Moisturizes Facial  #3 plain=0.34 skin=0.07 busy=0.07 seams=99 glyph=56/out=0
  KEEP Hoygi Radiant Moisturizer Hydrates, Moisturizes, Smoot #5 plain=1.25 skin=0.00 busy=0.09 seams=121 glyph=166/out=0
  DROP Nicotinamide Shin Moisturizer Facial Skin Hydrating    looks like a collage/banner (197 flat lines)
  KEEP DR Rice Milk Facial Toner                              #2 plain=1.25 skin=0.02 busy=0.10 seams=188 glyph=243/out=0
  DROP Jaysuing Cherry Blossom Hydrating Toner Hydrates And M no usable packshot in set
  DROP High Brightness Skin Toner                             no usable packshot in set
  DROP Body Moisturizer Oil                                   no usable packshot in set
  DROP Body Firming Moisturizer                               no usable packshot in set
  KEEP West&Month Facial Cleanser, Gentle Pore Cleanser, Exfo #6 plain=1.25 skin=0.03 busy=0.09 seams=158 glyph=63/out=0
  KEEP Facial Beauty Heart-Shaped Resin Gua Sha Massage Board #3 plain=0.45 skin=0.07 busy=0.07 seams=31 glyph=94/out=0
  KEEP Hydrating Moisturizing And Brightening Rice Milk Toner #1 plain=1.25 skin=0.02 busy=0.09 seams=188 glyph=210/out=0
  DROP Hoygi Toner Gently Cleanses Face Balance Oil Delicate  no usable packshot in set
  DROP Facial Moisturizer Cream                               no usable packshot in set
  DROP Firming Moisturizer Hydrating And Smooth Body          no usable packshot in set
  DROP Portable Gua Sha, Hot Compress, Tuina Tongluo Massager no usable packshot in set
  KEEP Anti-Aging Collagen Ampoule Nourishing And Firming Ski #5 plain=1.25 skin=0.09 busy=0.13 seams=124 glyph=213/out=0
  KEEP Tunmate Turmeric Refreshing Toner                      #2 plain=0.36 skin=0.00 busy=0.05 seams=53 glyph=66/out=0
  DROP Large Body Sculpting Drainage Lymphatic-Massager Scrap no usable packshot in set
  KEEP Gold Ampoule Mask Hydrating And Brightening Delicate   #1 plain=1.24 skin=0.00 busy=0.14 seams=122 glyph=241/out=0
  DROP Hydrating Nourishing Smooth Skin Brightening Daily Car no usable packshot in set
  DROP Toner Pads                                             no usable packshot in set
  KEEP Portable Mini Stepper, Exercise Fitness Machine For Le #1 plain=1.25 skin=0.00 busy=0.11 seams=105 glyph=101/out=1
  DROP Night Body And Face Hydrating Moisturizing Cream Moist no usable packshot in set
  DROP Collagen Salmon Gua Sha Face And Neck Cream            no usable packshot in set
  DROP Jade And Rose Quartz Facial And Back Gua Sha Massager  no usable packshot in set
  KEEP Beeswax Head Scraping Comb Gua Sha Scraping Board Meri #1 plain=0.36 skin=0.08 busy=0.03 seams=0 glyph=0/out=0
  KEEP Non-marking Gua Sha Shampoo Black Fish Five Nail Massa #5 plain=1.25 skin=0.00 busy=0.07 seams=93 glyph=17/out=1

kept 40 / dropped 45
