pool 105, already tiled 19, still to try 105

  DROP OceAura Moisturizing Body Spray, Refreshing Moisturizi no usable packshot in set
  DROP EELHOE Aloe Soothing Toner Gently Pamper And Moisturiz no usable packshot in set
  DROP Firming Moisturizer                                    no usable packshot in set
  DROP Whipped Tallow Moisturizer                             no usable packshot in set
  KEEP Wiyun Collagen Moisturizer, Moisturizes and improves d #5 plain=0.55 skin=0.06 busy=0.11 seams=0 glyph=150/out=1
  DROP Cow Fat Soothing Moisturizer                           no usable packshot in set
  KEEP Obsidian Gua Sha Board, Tendon Stick, Acupuncture Stic #1 plain=0.80 skin=0.00 busy=0.03 seams=68 glyph=4/out=0
  KEEP Silk Peptide Intensive Ampoule Portable                #4 plain=1.21 skin=0.05 busy=0.08 seams=129 glyph=119/out=0
  DROP Body Moisturizer                                       no usable packshot in set
  KEEP Firming Skin Moisturizing Improves Skin Elasticity Dai #3 plain=1.25 skin=0.05 busy=0.08 seams=154 glyph=157/out=0
  KEEP Spa Aromatherapy Soothing Facial Pain Relief Rose Esse #3 plain=0.47 skin=0.05 busy=0.08 seams=130 glyph=78/out=0
  DROP Collagen Ampoule Spray                                 no usable packshot in set
  DROP West&Month Toner Spray Hydrates And Moisturizes And Br no usable packshot in set
  KEEP Houttuynia Cordata Soothing Toner Moisturizing And Pur #1 plain=1.25 skin=0.01 busy=0.08 seams=161 glyph=135/out=2
  DROP Body Firming Moisturizer                               no usable packshot in set
  KEEP Wiyun Collagen Moisturizer,  Gentle, Hydrating Daily S #5 plain=0.74 skin=0.06 busy=0.21 seams=99 glyph=113/out=0
  DROP Eelhope Face Moisturizing High Light Cream Brightening no usable packshot in set
  KEEP Moisturizing Moisturizer Body Fat Cream                #1 plain=1.25 skin=0.08 busy=0.11 seams=142 glyph=176/out=0
  DROP Cute Shaped Pimple Patches, 144 Count Hydrocolloid Acn no usable packshot in set
  DROP DR Japan Sakura Refreshing Toner                       no usable packshot in set
  KEEP Nail Beauty Dream Color Sets Of Ice Transparent Nude T #5 plain=1.25 skin=0.05 busy=0.04 seams=187 glyph=21/out=0
  KEEP Universal Shoulder And Neck Dredging Tendon Brush Leg  #4 plain=1.25 skin=0.01 busy=0.04 seams=131 glyph=14/out=0
  KEEP Tunmate AHA BHA Exfoliating Lotion                     #3 plain=1.23 skin=0.00 busy=0.09 seams=87 glyph=188/out=1
  KEEP Astaxanthin Liquid Small Ampoule Solution              #1 plain=0.25 skin=0.05 busy=0.13 seams=4 glyph=231/out=0
  DROP Gentle Nourishing Facial Skin Delicate Moisturizing To no usable packshot in set
  DROP Nicotinamide Caviar Toner And Lotion Two-piece Set     no usable packshot in set
  KEEP Men's Moisturizer                                      #1 plain=1.25 skin=0.00 busy=0.09 seams=174 glyph=75/out=0
  KEEP Hoygi Centella Repair Moisturizer Hydrates, Firms And  #2 plain=1.25 skin=0.00 busy=0.07 seams=179 glyph=82/out=0
  DROP Lakerain Vitamin C Anti-shai Cream Moisturizing Moistu no usable packshot in set
  KEEP Acne Pimple Patches, Hydrocolloid Acne Patches With Te #2 plain=0.25 skin=0.08 busy=0.17 seams=81 glyph=269/out=0
  KEEP BRICKELL Face Moisturizer Cream For Men                #1 plain=1.25 skin=0.00 busy=0.06 seams=168 glyph=20/out=0
  DROP Daily Shin Moisturizer Of Facial Skin                  no usable packshot in set
  KEEP Ampoule                                                #2 plain=0.42 skin=0.00 busy=0.04 seams=0 glyph=30/out=0
  KEEP Moisturizing And Soothing Toner Pads                   #4 plain=1.25 skin=0.00 busy=0.08 seams=187 glyph=148/out=0
  DROP Face And Eye Cream Moisturizer                         no usable packshot in set
  KEEP Skin Care Serum Facial Moisturizer Locks In            #2 plain=1.25 skin=0.01 busy=0.08 seams=185 glyph=112/out=0
  KEEP Moisturizing Anti-wrinkle Brightening Shin Moisturizer #5 plain=0.25 skin=0.03 busy=0.12 seams=60 glyph=130/out=0
  DROP Bee Gentle Cleansing Body Smoothing Skin Care Shin Moi no usable packshot in set
  DROP Mild Ingredients Hydrating Moisturizing Nourishing Car no usable packshot in set
  DROP Salmon Vitamin Silk Ampoule Facial Serum               no usable packshot in set
  KEEP Salmon-Infused Illuminating And Hydrating Ampoule Seru #3 plain=1.25 skin=0.09 busy=0.09 seams=174 glyph=84/out=0
  KEEP Anti-Wrinkle Serum Ampoule                             #1 plain=1.25 skin=0.04 busy=0.10 seams=167 glyph=118/out=0
  DROP Glycolic Acid Toner, Essence Nourishing, Hydrating And no usable packshot in set
  KEEP Luminous Rice Toner Oil-Control And Hydration Balance  #5 plain=1.25 skin=0.07 busy=0.12 seams=172 glyph=181/out=0
  DROP EELHOE 7% Glycolic Acid Toner, Facial Repair Skin Ligh no usable packshot in set
  DROP Brightening Skin Gentle Moisturizing Brightening Body  no usable packshot in set
  KEEP DR VC Brightening Anti-Wrinkle Toner                   #3 plain=0.77 skin=0.10 busy=0.10 seams=113 glyph=261/out=0
  KEEP Hydrating And Moisturizing Snail Body Essence Toner    #2 plain=1.25 skin=0.03 busy=0.12 seams=164 glyph=285/out=0
  DROP DR Collagen Multi-Effect Enhancing Toner               no usable packshot in set
  DROP Remove And Close The Mouth Acne Toner To Eliminate Acn no usable packshot in set
  DROP Hoygi Tallow Moisturizer Nourishes And Moisturizes Dry no usable packshot in set
  DROP Vitamin C Turmeric 4-in-1 Anti-oxidation Repair Red An no usable packshot in set
  KEEP Ceramic Gua Sha Board Facial And Eye Gua Sha Beauty De #1 plain=0.86 skin=0.00 busy=0.03 seams=134 glyph=13/out=3
  KEEP Collagen Silk Peptide Ampoule                          #4 plain=1.25 skin=0.07 busy=0.09 seams=145 glyph=97/out=0
  DROP Pore-minimizing Ampoule Serum For Facial Skin Care     no usable packshot in set
  KEEP Exfoliating Black Rice Ampoule 60ml Neutral Packaging  #1 plain=1.25 skin=0.01 busy=0.13 seams=185 glyph=185/out=0
  DROP Astaxanthin Ampoule Care Liquid                        no usable packshot in set
  DROP Post Removal Face Serum                                no usable packshot in set
  KEEP Intensive Smoothing Toner                              #1 plain=0.51 skin=0.06 busy=0.05 seams=129 glyph=28/out=0
  KEEP Rejuvenating And Moisturizing Toner                    #5 plain=1.25 skin=0.00 busy=0.08 seams=156 glyph=78/out=3
  DROP OUHOE Glycolic Acid 7% Moisturizing Toner, Remove Acne looks like a collage/banner (193 flat lines)
  KEEP Salicylate Toner Gasket Gentle Cleansing Cutin Hydrati #1 plain=0.34 skin=0.02 busy=0.08 seams=90 glyph=138/out=0
  DROP Herbal Moisturizer                                     looks like a collage/banner (192 flat lines)
  DROP WoodSleep Tallow Cream Nourishes, Moisturizes, Hydrate no usable packshot in set
  KEEP Moisturizing Firming, Hydrating And Moisturizing Smoot #3 plain=1.25 skin=0.02 busy=0.11 seams=94 glyph=222/out=1
  DROP Bio-Active Ceramide Caring And Plumping Moisturizer    no usable packshot in set
  KEEP Womens FallWinter Batwing-Shoulder Boat-Neck One-Piece #1 plain=0.32 skin=0.03 busy=0.08 seams=26 glyph=70/out=0
  DROP Skin Care Lotion Ampoule                               looks like a collage/banner (193 flat lines)
  KEEP West&Month Facial Toner With Mild Ingredients To Light #2 plain=0.80 skin=0.08 busy=0.09 seams=95 glyph=77/out=0
  DROP OUHOE Salicylic Acid Pore Care Toner Gently Moisturize no usable packshot in set
  KEEP Licorice Acid-base Balance Lotion 150ml Licorice PH Ba #1 plain=1.23 skin=0.02 busy=0.08 seams=172 glyph=162/out=0
  KEEP Acne Removing And Closed Mouth Toner Nourishes And Rep #1 plain=0.84 skin=0.06 busy=0.10 seams=96 glyph=191/out=0
  DROP Sprinkle Toner Cartridge Fancy Coffee Sprinklers Fine  cutout found almost nothing (0.033)
  KEEP Hoygi Firming Moisturizing Moisturizer Moisturizes Fac #5 plain=1.25 skin=0.00 busy=0.08 seams=162 glyph=232/out=0
  KEEP Hoygi Body Moisturizer Moisturizes Tender Body Skin Hy #2 plain=0.78 skin=0.06 busy=0.09 seams=95 glyph=55/out=0
  DROP South Moon Bee Venom Skin Moisturizer, Gentle Moisturi no usable packshot in set
  DROP OUHOE Body Skin Smoothing Moisturizer, Moisturizing Hy no usable packshot in set
  DROP West&Month Body Moisturizer, Brightens, Nourishes, Smo no usable packshot in set
  KEEP OCHEAL Cross-border Ball Eye Cream Bead Massage Eye Mo #2 plain=0.64 skin=0.01 busy=0.13 seams=0 glyph=189/out=0
  KEEP Gentle Nourishing And Firming Skin Brightening Repair  #4 plain=1.25 skin=0.01 busy=0.10 seams=130 glyph=189/out=4
  DROP Exfoliating Rice Ampoule 60ml Neutral Packaging        no usable packshot in set
  DROP Peptide Serum 30ml                                     looks like a collage/banner (194 flat lines)
  KEEP AHA Toner                                              #1 plain=1.25 skin=0.03 busy=0.07 seams=183 glyph=174/out=0
  DROP Vitamin C Toner                                        no usable packshot in set
  KEEP DR Vitamin E Moisturizing And Antioxidant Toner        #1 plain=0.73 skin=0.04 busy=0.14 seams=10 glyph=217/out=2
  DROP Body Moisturizer                                       no usable packshot in set
  DROP Face Body Moisturizer Balm                             looks like a collage/banner (198 flat lines)
  DROP Night Firming Moisturizer                              no usable packshot in set
  DROP Hoygi Tallow Honey Moisturizer, Gentle Hydrating Moist no usable packshot in set
  DROP Eelhoe Moisturizing Moisturizer Hydrates, Prevents Dry no usable packshot in set
  KEEP Hoygi BHA Liquid Exfoliant, Lightening Acne Seal Pore- #4 plain=1.25 skin=0.00 busy=0.12 seams=65 glyph=53/out=0
  DROP Deep Collagen Peptide Serum Ampoule Polypeptide Nouris no usable packshot in set
  DROP The Hair Ampoule Serum                                 no usable packshot in set
  DROP Ceramide Ampoule                                       looks like a collage/banner (193 flat lines)
  DROP Kojic Acid Turmeric Toner Pads                         no usable packshot in set
  DROP Body Moisturizer Oil                                   no usable packshot in set
  DROP Hand Double Spray, Water-Oil Dual Formula Hydrating Ha no usable packshot in set
  KEEP Face And Eye Moisturizer                               #1 plain=0.70 skin=0.02 busy=0.12 seams=56 glyph=331/out=6
  DROP Glowing Comforting Skin-Locking Moisturizer            no usable packshot in set
  KEEP Hoygi Face Moisturizer Stick Skin Repair Tender Skin H #6 plain=1.25 skin=0.05 busy=0.07 seams=154 glyph=95/out=0
  KEEP Collagen Eye Moisturizer Repair Hydrating And Firming  #2 plain=0.44 skin=0.00 busy=0.07 seams=45 glyph=74/out=0
  DROP Hoygi Facial Moisturizer Moisturizes, Moisturizes, Nou looks like a collage/banner (198 flat lines)
  DROP Wiyun Breast Moisturizer Breast Moisturizer Breast Ski no usable packshot in set
  KEEP Retro Leopard Print Star Patch Embroidered Sweatpants  #2 plain=1.25 skin=0.00 busy=0.06 seams=158 glyph=41/out=0
  DROP Turmeric Brightening Facial Cleanser Foam With Built-i no usable packshot in set

kept 47 / dropped 58
