shelf           cap  floor eligible  picked
לחות             16     10       34      16
טונר ומיסט       16     10       25      16
סרום ואמפולה     11     10        8       5   SHORT
כלים              5     60       11       5
פילינג            2     10        2       2
פצעונים           1     10        0       0   SHORT

44 picked of 51 asked for
0 of them carry religious framing in the title or image

--- לחות (16)
     129 $1.55     Body Moisturizer Hydrating Skin Care
     100 $1.19     Tallow Moisturizer Nourishing And Tender
      95 $1.76     Barrier Strengthening Moisturizer
      88 $1.00     Facial Cleansing Gentle Moisturizer Care
      60 $1.55     3D Lifting Face And Neck Moisturizer
      53 $1.55     Gentle Cleansing Pores Refreshing Oil Control Moisturizer Da
      42 $1.93     Moisturizer Face Cream
      40 $1.73     Brightening Hydrating Moisturizer
      39 $1.74     Body Moisturizer Gentle Moisturizing
      36 $0.70     Men's Oil Control Moisturizer Facial Cleanser
      31 $1.74     Pre-makeup Moisturizer
      31 $3.61     Hoygi Radiant Moisturizer Hydrates, Moisturizes, Smoothers, 
      29 $3.61     West&Month Facial Cleanser, Gentle Pore Cleanser, Exfoliatin
      24 $3.61     Wiyun Collagen Moisturizer, Moisturizes and improves dull, f
      23 $1.55     Firming Skin Moisturizing Improves Skin Elasticity Daily Shi
      20 $3.61     Hoygi Centella Repair Moisturizer Hydrates, Firms And Reliev
--- טונר ומיסט (16)
     129 $4.70     TEA TREE ACNE FACIAL TONER
     109 $1.00 --  Zero Pore Toner
     101 $0.92     Glycolic Acid Toner For Facial Care
      64 $1.74     Jelly Toner Spray
      60 $1.74     Exfoliating Toner
      56 $0.91     Brightening Acne Toner Moisturizes And Rejuvenates Skin
      55 $1.03     Removing And Closing Acne Toner Moisturizes Acne
      30 $2.46     DR Rice Milk Facial Toner
      27 $2.73     Tunmate Turmeric Refreshing Toner
      22 $1.00     Houttuynia Cordata Soothing Toner Moisturizing And Purifying
      17 $1.53     Luminous Rice Toner Oil-Control And Hydration Balance
      16 $2.36     DR VC Brightening Anti-Wrinkle Toner
      16 $1.74     Hydrating And Moisturizing Snail Body Essence Toner
      15 $1.74 --  Intensive Smoothing Toner
      15 $1.51     Rejuvenating And Moisturizing Toner
      15 $2.11     Salicylate Toner Gasket Gentle Cleansing Cutin Hydrating Car
--- סרום ואמפולה (5)
     134 $1.55 --  Silk Collagen Peptide Ampoule Tube Liquid
      90 $1.55     Ceramide Procollagen Lifting Ampoule Serum
      79 $1.14 --  Golden Ampoule Brightening And Firming Moisturizing Lotion
      64 $2.07 --  HUNMUI Rice Black Rice Exfoliating Ampoule
      27 $1.76     Anti-Aging Collagen Ampoule Nourishing And Firming Skin Fadi
--- כלים (5)
    2270 $1.27 --  Face Lift Up Wrinkle Remover Gua Sha Stone For Face Massage 
     829 $7.88     Gua Sha Board 2PCS Massage Stone For Facial Body Skincare Ro
     668 $4.70 --  Amethyst Roller Set Heart Shaped Gua Sha Massager
     321 $0.56 --  Green Phoenix Jade Gua Sha Massage Board Face Care
     190 $1.19 --  ROLLER MASSAGER Facial Beauty Tool Gua Sha Scraping Massage 
--- פילינג (2)
      21 $2.74     Tunmate AHA BHA Exfoliating Lotion
      13 $3.61     Hoygi BHA Liquid Exfoliant, Lightening Acne Seal Pore-Tighte
