  wig      wig shampoo                         200 new
  wig      wig conditioner                      98 new
  wig      wig care                            183 new
  wig      wig brush                           129 new
  wig      wig comb                             64 new
  wig      wig stand                           186 new
  wig      wig cap                             110 new
  wig      wig detangler                        69 new
  wig      lace wig glue remover               181 new
  wig      hair topper women                   188 new
  wig      wig storage                         176 new
  night    satin bonnet                        197 new
  night    silk bonnet                         186 new
  night    sleep cap hair                       97 new
  night    satin scrunchie                      11 new
  night    silk scrunchie                        3 new
  night    silk pillowcase hair                 28 new
  night    hair wrap sleep                      17 new
  curl     curl cream                          156 new
  curl     curl defining gel                   190 new
