created novaglow-centella-gentle-cleanser    NovaGlow - ג׳ל ניקוי סנטלה
created novaglow-matcha-cleanser             NovaGlow - ניקוי מאצ׳ה
created novaglow-mens-cleanser               NovaGlow - ניקוי פנים לגבר
created novaglow-charcoal-cleanser           NovaGlow - ניקוי פחם פעיל
created novaglow-tea-tree-toner              NovaGlow - טונר תה עץ
created novaglow-zero-pore-toner             NovaGlow - טונר חומצות
created novaglow-glycolic-toner              NovaGlow - טונר גליקולי
created novaglow-jelly-mist                  NovaGlow - מיסט ג׳לי
created novaglow-malic-toner                 NovaGlow - טונר מאלי
created novaglow-glycolic-b5-toner           NovaGlow - גליקולי עם B5
created novaglow-pore-refining-toner         NovaGlow - טונר מאזן
created novaglow-rice-milk-toner             NovaGlow - טונר חלב אורז
created novaglow-turmeric-toner              NovaGlow - טונר כורכום
created novaglow-houttuynia-toner            NovaGlow - טונר הוטוניה
created novaglow-rice-balance-toner          NovaGlow - טונר אורז
created novaglow-vc-toner                    NovaGlow - טונר ויטמין C
created novaglow-snail-essence               NovaGlow - אסנס חלזון
created novaglow-peptide-toner               NovaGlow - טונר פפטידים
created novaglow-dna-essence                 NovaGlow - אסנס לילה
created novaglow-toner-pads                  NovaGlow - פדים עם חומצה
created novaglow-barrier-cream               NovaGlow - קרם מחסום עורי
created novaglow-centella-repair-cream       NovaGlow - קרם סנטלה
created novaglow-face-neck-cream             NovaGlow - קרם פנים וצוואר
created novaglow-kojic-radiance-cream        NovaGlow - קרם קוגיק
created novaglow-collagen-cream              NovaGlow - קרם קולגן
created novaglow-brightening-cream           NovaGlow - קרם זוהר
created novaglow-makeup-base-cream           NovaGlow - קרם בסיס
created novaglow-firming-essence             NovaGlow - אסנס מיצוק
created novaglow-body-cream                  NovaGlow - קרם גוף
created novaglow-body-cream-sensitive        NovaGlow - קרם גוף עדין
created novaglow-rich-balm                   NovaGlow - באלם עשיר
created novaglow-ceramide-ampoule            NovaGlow - אמפולות סרמיד
created novaglow-collagen-ampoule            NovaGlow - אמפולת קולגן
created novaglow-gold-ampoule                NovaGlow - אמפולת זהב
created novaglow-silk-peptide-ampoule        NovaGlow - אמפולת משי
created novaglow-black-rice-ampoule          NovaGlow - אמפולת אורז
created novaglow-aha-bha-lotion              NovaGlow - תחליב פילינג
created novaglow-bha-liquid                  NovaGlow - נוזל BHA
created novaglow-jade-gua-sha                NovaGlow - גואה שא ירקן
created novaglow-gua-sha-set                 NovaGlow - סט גואה שא
created novaglow-amethyst-roller-set         NovaGlow - סט אמטיסט
created novaglow-roller-bar                  NovaGlow - מקל עיסוי
created novaglow-light-roller-set            NovaGlow - סט רולר קל

created 43 of 43, all as drafts
