  DROP Moisturizer Solid Stick, Dry Moisturizer Stick - Deep  no usable packshot in set
  KEEP Body Moisturizer Hydrating Skin Care                   #3 plain=0.82 skin=0.02 busy=0.07 seams=26 glyph=166/out=0
  DROP Face Body Moisturizer                                  no usable packshot in set
  DROP Brightening Priming Moisturizer                        no usable packshot in set
  KEEP Tallow Moisturizer Nourishing And Tender               #2 plain=0.87 skin=0.03 busy=0.12 seams=42 glyph=264/out=0
  KEEP Barrier Strengthening Moisturizer                      #1 plain=0.46 skin=0.00 busy=0.07 seams=90 glyph=60/out=0
  DROP Urea Moisturizer                                       no usable packshot in set
  KEEP Facial Cleansing Gentle Moisturizer Care               #4 plain=1.25 skin=0.00 busy=0.08 seams=188 glyph=135/out=0
  DROP Collagen Complex Moisturizer Cream                     no usable packshot in set
  DROP Astaxanthin Moisturizer Facial Skin Moisturizing       no usable packshot in set
  DROP Compact Moisturizer Improve Elasticity                 no usable packshot in set
  DROP Men's Body Moisturizer                                 no usable packshot in set
  DROP Firming Moisturizer Body Hydrating Lifting             no usable packshot in set
  KEEP 3D Lifting Face And Neck Moisturizer                   #4 plain=0.66 skin=0.09 busy=0.15 seams=9 glyph=282/out=0
  DROP Men's Facial Moisturizer                               looks like a collage/banner (196 flat lines)
  DROP Butter Moisturizing Moisturizer Gentle Moisturizing Lo no usable packshot in set
  DROP PHOFAY GLYCOLIC ACID AHA EXFOLIATING  BRIGHTENING TONE no usable packshot in set
  DROP C-S004 Toner                                           no usable packshot in set
  KEEP TEA TREE ACNE FACIAL TONER                             #3 plain=1.25 skin=0.03 busy=0.09 seams=164 glyph=14/out=0
  KEEP Zero Pore Toner                                        #1 plain=1.25 skin=0.00 busy=0.08 seams=93 glyph=128/out=1
  DROP Vitamin C Facial Moisturizing Toner                    no usable packshot in set
  KEEP Glycolic Acid Toner For Facial Care                    #1 plain=1.12 skin=0.04 busy=0.08 seams=123 glyph=162/out=0
  DROP Moisturizing Toner                                     no usable packshot in set
  DROP Nicotinamide Toner Spray                               no usable packshot in set
  DROP Honey Ceramide Toner                                   no usable packshot in set
  DROP Sakura Water Moisturizing Toner                        no usable packshot in set
  KEEP Men's Facial Skin Care Products Toner And Lotion Cream #1 plain=1.25 skin=0.01 busy=0.13 seams=156 glyph=15/out=0
  DROP Spot Repair Toner                                      no usable packshot in set
  DROP Witch Hazel Moisturizing Toner                         no usable packshot in set
  DROP Aloe Soothing Care Skin Toner                          no usable packshot in set
  DROP Salicylic Acid Pore Care Toner                         no usable packshot in set
  KEEP Silk Collagen Peptide Ampoule Tube Liquid              #5 plain=1.25 skin=0.07 busy=0.10 seams=111 glyph=100/out=1
  KEEP Ceramide Procollagen Lifting Ampoule Serum             #2 plain=1.25 skin=0.03 busy=0.09 seams=182 glyph=104/out=0
  DROP Exfoliant Rice Ampoule                                 no usable packshot in set
  KEEP Golden Ampoule Brightening And Firming Moisturizing Lo #1 plain=1.23 skin=0.09 busy=0.11 seams=138 glyph=186/out=1
  DROP Vitamin C Ampoule Moisturizing And Rejuvenating        no usable packshot in set
  KEEP HUNMUI Rice Black Rice Exfoliating Ampoule             #1 plain=0.74 skin=0.06 busy=0.15 seams=8 glyph=305/out=0
  DROP Small Ampoule                                          no usable packshot in set
  DROP Vitamin Ampoule Stock Solution                         no usable packshot in set
  KEEP Silky Lifting Peptide Ampoule Serum                    #2 plain=1.25 skin=0.05 busy=0.08 seams=162 glyph=173/out=0
  KEEP Moisturizing Pores, Moisturizing Skin, Ampoule         #1 plain=1.25 skin=0.06 busy=0.09 seams=152 glyph=84/out=1
  DROP Rose Ampoule                                           no usable packshot in set
  DROP Anti-Aging Ampoule Facial Firming Lotion               no usable packshot in set
  KEEP Face Lift Up Wrinkle Remover Gua Sha Stone For Face Ma #2 plain=1.25 skin=0.02 busy=0.07 seams=141 glyph=11/out=0
  KEEP Gua Sha Board 2PCS Massage Stone For Facial Body Skinc #1 plain=0.39 skin=0.05 busy=0.07 seams=11 glyph=75/out=0
  KEEP Amethyst Roller Set Heart Shaped Gua Sha Massager      #2 plain=0.49 skin=0.01 busy=0.09 seams=22 glyph=81/out=0
  DROP Whole Massage Gua Sha Tools Natural Rose Quartz Massag no usable packshot in set
  KEEP Green Phoenix Jade Gua Sha Massage Board Face Care     #1 plain=0.84 skin=0.03 busy=0.05 seams=68 glyph=32/out=0
  DROP Wireless Gua Sha Vacuum Suction Cups Massage Negative  no usable packshot in set
  DROP PHOFAY GENTLE PEELING SOLUTION PAPAYA ENZYME AHA BHA   no usable packshot in set

kept 19 / dropped 31
