  KEEP 70x180cmMonochrome Pearl Chiffon Hijab Scarf           #1 plain=1.18 skin=0.00 busy=0.07 seams=70 glyph=31/out=4
  DROP Muslim turban hijab clan cap                           no usable packshot in set
  DROP Muslim Lady Fashion Patch Hijab                        no usable packshot in set
  KEEP Islamic hijab                                          #1 plain=0.85 skin=0.09 busy=0.07 seams=97 glyph=23/out=2
  DROP Bubble plain Scarf / cotton scarf fringes women soft s no usable packshot in set
  DROP  new Muslim hijab chiffon beaded scarf                 no usable packshot in set
  DROP Fashion Silk Scarves Female Printing Hijab             no usable packshot in set
  KEEP 170x60cm Fashion Jersey Hijab Scarf Long Muslim Shawl  #1 plain=0.62 skin=0.01 busy=0.05 seams=74 glyph=12/out=2
  DROP Cotton Modal Tie-dye Cotton Jersey Shawl Scarf Hijab   no usable packshot in set
  KEEP Men's Hijab UAE Travel Square                          #4 plain=0.77 skin=0.00 busy=0.07 seams=4 glyph=21/out=0
  KEEP Modal Elastic Elastic Lace Bottom Cap Tied Rope Hijab  #1 plain=0.88 skin=0.00 busy=0.04 seams=117 glyph=4/out=2
  KEEP Hijab With Tassel At Four Corners                      #2 plain=1.25 skin=0.00 busy=0.06 seams=83 glyph=42/out=0
  KEEP Pearl Chiffon Female Hijab Flower Hui Gauze Scarf      #4 plain=1.25 skin=0.09 busy=0.05 seams=94 glyph=33/out=0
  KEEP Women's Fashion Solid Color Hijab                      #3 plain=0.32 skin=0.02 busy=0.09 seams=0 glyph=30/out=0
  KEEP Mercerized Cotton Jersey Closed-toe Cotton Scarf       #3 plain=0.25 skin=0.02 busy=0.05 seams=77 glyph=3/out=0
  DROP Chain Printed Scarf Women's Casual Scarf 90 90cm Satin no usable packshot in set
  KEEP Ethnic Clothing Clothing Accessories Women's Hijab Pea #3 plain=0.81 skin=0.02 busy=0.06 seams=5 glyph=23/out=0
  KEEP Glitter Lace Lines Sequins Crinkle Crimp Ripped Cotton #1 plain=0.43 skin=0.02 busy=0.08 seams=73 glyph=48/out=2
  KEEP Premium Crinkle Gradient Color Hijab Tie-Dye Printed S #1 plain=1.21 skin=0.00 busy=0.12 seams=51 glyph=82/out=2
  DROP Women's Lightweight Gauze Kerchief Sun-proof Cotton An no usable packshot in set
  DROP Fashion Luxury Silk Scarf Color Block Printed Twill Si no usable packshot in set
  KEEP Big Flower Embroidery Cotton And Linen Headscarf Long  #1 plain=0.72 skin=0.03 busy=0.07 seams=90 glyph=74/out=3
  KEEP Scarf Hijab Solid Color Lace Hollow Tassel             #3 plain=0.43 skin=0.00 busy=0.10 seams=0 glyph=142/out=1
  DROP Printing Color Contrast Double-sided Different Color D no usable packshot in set
  KEEP Summer Thin Women's Solid Color Large Kerchief 90 Colo #3 plain=0.57 skin=0.03 busy=0.11 seams=1 glyph=101/out=0
  DROP Silk Kerchief All-match Scarf                          no usable packshot in set
  DROP Satin Printed Hijab Printed Shawl Headscarf            no usable packshot in set
  DROP Spring New Versatile Large Kerchief Silk Scarf Classic no usable packshot in set
  KEEP Safety Pin Muslim Kerchief Pin Color Safety Pin Silk S #1 plain=1.25 skin=0.01 busy=0.03 seams=175 glyph=9/out=0
  KEEP Solid Color Silk Kerchief Women                        #1 plain=1.25 skin=0.02 busy=0.06 seams=93 glyph=18/out=0
  DROP Muslim Kerchief Slub Cotton Scarf Tassel               no usable packshot in set
  DROP Fashionable All-match Mulberry Silk Women's Satin Silk no usable packshot in set
  DROP Silk Kerchief Female Ornament With Shawl               no usable packshot in set
  KEEP Pure Color Rayon Jersey Ethnic Women's Scarf Mercerize #2 plain=0.76 skin=0.00 busy=0.15 seams=49 glyph=122/out=0
  KEEP Pure Colored Front Two Layers Back Three Layers Headsc #4 plain=0.91 skin=0.05 busy=0.04 seams=1 glyph=5/out=1
  KEEP New Elegant Court Rose Silk Satin Large Kerchief Multi #6 plain=0.89 skin=0.09 busy=0.15 seams=104 glyph=224/out=0
  KEEP West&Month Curl Bouncer Moisturizing Curl Defining Vol #2 plain=1.25 skin=0.02 busy=0.15 seams=124 glyph=235/out=0
  KEEP Cute Silk Ponytail Hair Loop Hair Band Hair Accessorie #1 plain=1.25 skin=0.02 busy=0.10 seams=187 glyph=37/out=0
  DROP Women's Ponytail Hair Ring Crystal Hair Accessories Ha no usable packshot in set
  KEEP Women Hair Scrunchies Vintage Velvet Solid Color Hair  #5 plain=1.25 skin=0.02 busy=0.06 seams=134 glyph=4/out=0
  KEEP Human-hair Extension Wire Rods Seamless And Easy-to-re #3 plain=1.25 skin=0.07 busy=0.09 seams=119 glyph=111/out=1
  DROP Barrettes All-match Hair Updo Holder Simple High Ponyt no usable packshot in set
  DROP Ponytail Lentils Large Painted Brushed Color Flat Fish no usable packshot in set
  KEEP Hollow Square Ponytail And Updo Small Hairclip         #3 plain=0.98 skin=0.06 busy=0.08 seams=5 glyph=61/out=0
  KEEP Large Hair Volume Women Back Hair Clip Shark Clip Hair #2 plain=0.86 skin=0.01 busy=0.08 seams=39 glyph=136/out=0
  KEEP Straight Ponytail Extension Drawstring Ombre Brown Lon #2 plain=1.20 skin=0.06 busy=0.05 seams=173 glyph=5/out=0
  KEEP Black Elastic Hair Bands Ponytail Holder Head Rope Tie #2 plain=1.17 skin=0.00 busy=0.10 seams=85 glyph=3/out=0
  DROP Magic Hair Bun Scrunchie                               no usable packshot in set
  KEEP Soft Satin Ribbon Hair Scrunchie Rope                  #1 plain=1.11 skin=0.08 busy=0.11 seams=19 glyph=120/out=10
  KEEP Scrunchie Female Headflower Headrope Flower Ponytail L #5 plain=1.24 skin=0.09 busy=0.14 seams=50 glyph=84/out=0

kept 30 / dropped 20
