
 ⛅️ wrangler 4.125.0 (update available 4.130.0)
───────────────────────────────────────────────
Your Worker has access to the following bindings:
Binding                                                                       Resource                  Mode
env.DB (gallery-integration-local-qa-db)                                      D1 Database               local
env.GALLERY_BOOTSTRAP_MODE ("staging")                                        Environment Variable      local
env.GALLERY_BOOTSTRAP_EXPERIMENT_ID ("qa-gallery-experiment")                 Environment Variable      local
env.GALLERY_BOOTSTRAP_PAGE_ID ("gid://shopify/Page/9000000000001")            Environment Variable      local
env.SHOP_DOMAIN ("gallery-qa.myshopify.com")                                  Environment Variable      local
env.SHOPIFY_LIVE_CONNECT ("false")                                            Environment Variable      local
env.ANALYTICS_MODE ("OFF")                                                    Environment Variable      local

⎔ Starting local server...
[wrangler:info] Ready on http://127.0.0.1:8791
[wrangler:info] GET / 200 OK (152ms)
prisma:warn Cloudflare D1 does not support transactions yet. When using Prisma's D1 adapter, implicit & explicit transactions will be ignored and run as individual queries, which breaks the guarantees of the ACID properties of transactions. For more details see https://pris.ly/d/d1-transactions
[wrangler:info] POST / 200 OK (198ms)
[wrangler:info] POST / 200 OK (285ms)
[wrangler:info] POST / 200 OK (49ms)
prisma:warn Cloudflare D1 does not support transactions yet. When using Prisma's D1 adapter, implicit & explicit transactions will be ignored and run as individual queries, which breaks the guarantees of the ACID properties of transactions. For more details see https://pris.ly/d/d1-transactions
prisma:warn Cloudflare D1 does not support transactions yet. When using Prisma's D1 adapter, implicit & explicit transactions will be ignored and run as individual queries, which breaks the guarantees of the ACID properties of transactions. For more details see https://pris.ly/d/d1-transactions
[wrangler:info] POST / 200 OK (86ms)
prisma:warn Cloudflare D1 does not support transactions yet. When using Prisma's D1 adapter, implicit & explicit transactions will be ignored and run as individual queries, which breaks the guarantees of the ACID properties of transactions. For more details see https://pris.ly/d/d1-transactions
[wrangler:info] POST / 200 OK (100ms)
prisma:warn Cloudflare D1 does not support transactions yet. When using Prisma's D1 adapter, implicit & explicit transactions will be ignored and run as individual queries, which breaks the guarantees of the ACID properties of transactions. For more details see https://pris.ly/d/d1-transactions
prisma:warn Cloudflare D1 does not support transactions yet. When using Prisma's D1 adapter, implicit & explicit transactions will be ignored and run as individual queries, which breaks the guarantees of the ACID properties of transactions. For more details see https://pris.ly/d/d1-transactions
prisma:warn Cloudflare D1 does not support transactions yet. When using Prisma's D1 adapter, implicit & explicit transactions will be ignored and run as individual queries, which breaks the guarantees of the ACID properties of transactions. For more details see https://pris.ly/d/d1-transactions
[wrangler:info] POST / 200 OK (126ms)
prisma:warn Cloudflare D1 does not support transactions yet. When using Prisma's D1 adapter, implicit & explicit transactions will be ignored and run as individual queries, which breaks the guarantees of the ACID properties of transactions. For more details see https://pris.ly/d/d1-transactions
[wrangler:info] POST / 200 OK (269ms)
[wrangler:info] POST / 200 OK (81ms)
[wrangler:info] POST / 200 OK (56ms)
[wrangler:info] POST / 200 OK (130ms)
[wrangler:info] POST / 200 OK (10ms)
prisma:warn Cloudflare D1 does not support transactions yet. When using Prisma's D1 adapter, implicit & explicit transactions will be ignored and run as individual queries, which breaks the guarantees of the ACID properties of transactions. For more details see https://pris.ly/d/d1-transactions
[wrangler:info] POST / 409 Conflict (470ms)
[wrangler:info] POST / 200 OK (201ms)
[wrangler:info] POST / 200 OK (16ms)
[wrangler:info] POST / 200 OK (2ms)
[wrangler:info] POST / 200 OK (382ms)
[wrangler:info] POST / 200 OK (9ms)
[wrangler:info] POST / 200 OK (65ms)
[wrangler:info] POST / 200 OK (100ms)
[wrangler:info] POST / 200 OK (42ms)
